
Discarded input sections

 .text          0x00000000        0x0 build/main.o
 .data          0x00000000        0x0 build/main.o
 .bss           0x00000000        0x0 build/main.o
 .text          0x00000000        0x0 build/startup.o
 .data          0x00000000        0x0 build/startup.o
 .bss           0x00000000        0x0 build/startup.o
 .text.Default_Handler
                0x00000000        0x8 build/startup.o
 .text          0x00000000        0x0 build/uart.o
 .data          0x00000000        0x0 build/uart.o
 .bss           0x00000000        0x0 build/uart.o
 .text.uart_set_fifo_levels
                0x00000000       0x34 build/uart.o
 .text.uart_enable_flow_control
                0x00000000       0x20 build/uart.o
 .text.uart_disable_flow_control
                0x00000000       0x20 build/uart.o
 .text.uart_enable_interrupts
                0x00000000       0x28 build/uart.o
 .text.uart_disable_interrupts
                0x00000000       0x2c build/uart.o
 .text.uart_get_raw_interrupts
                0x00000000       0x20 build/uart.o
 .text.uart_clear_interrupts
                0x00000000       0x20 build/uart.o

Memory Configuration

Name             Origin             Length             Attributes
FLASH            0x80000000         0x00080000         xr
RAM              0x20000000         0x00010000         xrw
*default*        0x00000000         0xffffffff

Linker script and memory map

LOAD /usr/lib/gcc/arm-none-eabi/14.2.0/libgcc.a
LOAD /usr/lib/gcc/arm-none-eabi/14.2.0/../../../../arm-none-eabi/lib/libc.a
LOAD /usr/lib/gcc/arm-none-eabi/14.2.0/../../../../arm-none-eabi/lib/libm.a
LOAD build/main.o
LOAD build/startup.o
LOAD build/uart.o
START GROUP
LOAD /usr/lib/gcc/arm-none-eabi/14.2.0/libgcc.a
LOAD /usr/lib/gcc/arm-none-eabi/14.2.0/../../../../arm-none-eabi/lib/libc.a
END GROUP
                0x20010000                        _estack = (ORIGIN (RAM) + LENGTH (RAM))

.isr_vector     0x80000000        0x8
 *(.isr_vector)
 .isr_vector    0x80000000        0x8 build/startup.o
                0x80000000                vector_table

.text           0x80000008      0x234
 *(.text*)
 .text.main     0x80000008       0x3c build/main.o
                0x80000008                main
 .text.Reset_Handler
                0x80000044       0x74 build/startup.o
                0x80000044                Reset_Handler
 .text.uart_init
                0x800000b8       0xc8 build/uart.o
                0x800000b8                uart_init
 .text.uart_tx_fifo_full
                0x80000180       0x1c build/uart.o
                0x80000180                uart_tx_fifo_full
 .text.uart_rx_fifo_empty
                0x8000019c       0x1c build/uart.o
                0x8000019c                uart_rx_fifo_empty
 .text.uart_putc
                0x800001b8       0x28 build/uart.o
                0x800001b8                uart_putc
 .text.uart_getc
                0x800001e0       0x20 build/uart.o
                0x800001e0                uart_getc
 .text.uart_puts
                0x80000200       0x2a build/uart.o
                0x80000200                uart_puts
 *(.rodata*)
 *fill*         0x8000022a        0x2 
 .rodata        0x8000022c       0x10 build/main.o
                0x8000023c                        _etext = .

.glue_7         0x8000023c        0x0
 .glue_7        0x8000023c        0x0 linker stubs

.glue_7t        0x8000023c        0x0
 .glue_7t       0x8000023c        0x0 linker stubs

.vfp11_veneer   0x8000023c        0x0
 .vfp11_veneer  0x8000023c        0x0 linker stubs

.v4_bx          0x8000023c        0x0
 .v4_bx         0x8000023c        0x0 linker stubs

.iplt           0x8000023c        0x0
 .iplt          0x8000023c        0x0 build/main.o

.rel.dyn        0x8000023c        0x0
 .rel.iplt      0x8000023c        0x0 build/main.o

.data           0x20000000        0x0 load address 0x8000023c
                0x20000000                        _sdata = .
 *(.data*)
                0x20000000                        _edata = .

.igot.plt       0x20000000        0x0
 .igot.plt      0x20000000        0x0 build/main.o

.bss            0x20000000        0x0
                0x20000000                        _sbss = .
 *(.bss*)
 *(COMMON)
                0x20000000                        _ebss = .
OUTPUT(build/firmware.elf elf32-littlearm)
LOAD linker stubs

.debug_info     0x00000000      0x4b3
 .debug_info    0x00000000       0xec build/main.o
 .debug_info    0x000000ec      0x13d build/startup.o
 .debug_info    0x00000229      0x28a build/uart.o

.debug_abbrev   0x00000000      0x28f
 .debug_abbrev  0x00000000       0xa6 build/main.o
 .debug_abbrev  0x000000a6       0xde build/startup.o
 .debug_abbrev  0x00000184      0x10b build/uart.o

.debug_aranges  0x00000000       0xc8
 .debug_aranges
                0x00000000       0x20 build/main.o
 .debug_aranges
                0x00000020       0x28 build/startup.o
 .debug_aranges
                0x00000048       0x80 build/uart.o

.debug_rnglists
                0x00000000       0x88
 .debug_rnglists
                0x00000000       0x13 build/main.o
 .debug_rnglists
                0x00000013       0x19 build/startup.o
 .debug_rnglists
                0x0000002c       0x5c build/uart.o

.debug_line     0x00000000      0x3f8
 .debug_line    0x00000000       0xc1 build/main.o
 .debug_line    0x000000c1       0xe7 build/startup.o
 .debug_line    0x000001a8      0x250 build/uart.o

.debug_str      0x00000000      0x2f2
 .debug_str     0x00000000      0x2f2 build/main.o
                                0x19c (size before relaxing)
 .debug_str     0x000002f2      0x1d0 build/startup.o
 .debug_str     0x000002f2      0x2da build/uart.o

.comment        0x00000000       0x1e
 .comment       0x00000000       0x1e build/main.o
                                 0x1f (size before relaxing)
 .comment       0x0000001e       0x1f build/startup.o
 .comment       0x0000001e       0x1f build/uart.o

.ARM.attributes
                0x00000000       0x34
 .ARM.attributes
                0x00000000       0x34 build/main.o
 .ARM.attributes
                0x00000034       0x34 build/startup.o
 .ARM.attributes
                0x00000068       0x34 build/uart.o

.debug_frame    0x00000000      0x258
 .debug_frame   0x00000000       0x34 build/main.o
 .debug_frame   0x00000034       0x48 build/startup.o
 .debug_frame   0x0000007c      0x1dc build/uart.o
